// Jest Snapshot v1, https://goo.gl/fbAQLP

exports[`App Should match snapshot 1`] = `
<div
  className="App"
>
  <h1
    className="app-title"
  >
    Turing Cafe Reservations
  </h1>
  <div
    className="resy-form"
  >
    <Form
      sumbitReservation={[Function]}
    />
  </div>
  <div
    className="resy-container"
  >
    <CardContainer
      cards={Array []}
    />
  </div>
</div>
`;
